<class 'list'> -- ['🚀 Excited to share an update!\n\nTest Topic\n\nBuilding in public has been an incredible experience.\n\ntest', '🚀 Excited to share an update!\n\nTest Topic\n\nBuilding in public has been an incredible experience.\n\ntest', '🚀 Excited to share an update!\n\nTest Topic\n\nBuilding in public has been an incredible experience.\n\ntest']